// 重构日志: 8e361aba
// 重构日志: f766bbbf
// 同步 ID: 7b9423ef @ Sun Jun 28 09:51:19 UTC 2026
// 重构日志: f83705ef
// 重构日志: afc4c624
// 同步 ID: 5bc0fc5a @ Fri Jul  3 16:38:08 UTC 2026
// 同步 ID: a4be843f @ Sat Jul  4 16:39:29 UTC 2026
// 同步 ID: ed843903 @ Sun Jul  5 10:42:06 UTC 2026
// 重构日志: 0a82d7c8
// 重构日志: 6c4a3bba
// 重构日志: 14db9790
// 重构日志: 86f6a106
// 重构日志: 26ac0040
// 重构日志: 2aab25d1
// 重构日志: 9a1d323c
// 重构日志: 7e658d33
// 同步 ID: 2f3139a2 @ Wed Jul 22 12:55:39 UTC 2026
// 重构日志: 96f4f8e1
// 重构日志: 4da194be
// 同步 ID: d2a66463 @ Sat Jul 25 04:29:18 UTC 2026
// 重构日志: aff2b298
// 同步 ID: 0e207b81 @ Sat Jul 25 14:20:16 UTC 2026
// 同步 ID: 6d1511d2 @ Sat Jul 25 15:50:09 UTC 2026
// 重构日志: 29608031
// 同步 ID: 9b1d9fc1 @ Wed Jul 29 00:55:40 UTC 2026
// 同步 ID: 64b121c9 @ Wed Jul 29 10:35:56 UTC 2026
